
> kidmanager-cms@0.0.0 test
> npm run test:unit && npm run test:match


> kidmanager-cms@0.0.0 test:unit
> node --import=@poppinss/ts-exec bin/test.ts unit

[03:58:24.795] INFO (suar/55510): Connected to MongoDB

unit / Domain invariants | Constants (tests/unit/constants/domain_invariants.spec.ts)
  ✔ auth and review defaults stay aligned with supported identity and scoring bounds (2.046814ms)
  ✔ proficiency and skill category options cover every declared value exactly once (1.244477ms)
  ✔ default task statuses and workflow transitions preserve one canonical todo and the core terminal graph (1.559933ms)

unit / Organization DTO contracts (tests/unit/dtos/organization_dto_contracts.spec.ts)
  ✔ CreateOrganizationDTO normalizes creation payloads and rejects invalid names, slugs, and URLs (4.615185ms)
  ✔ InviteUserDTO normalizes invitation payloads and rejects invalid email, owner role, or oversized messages (1.607072ms)
  ✔ ProcessJoinRequestDTO preserves approval or rejection semantics and serialization (0.901816ms)

unit / Review DTO contracts (tests/unit/dtos/review_dto_contracts.spec.ts)
  ✔ session, list, confirmation, and reverse-review DTOs keep their default and required-field contracts (0.486065ms)
  ✔ submit review and evidence DTOs preserve defaults while rejecting malformed payloads (0.69324ms)
  ✔ self-assessment DTO enforces bounded ratings and valid difficulty labels (0.764961ms)

unit / Shared, project, and user DTO contracts (tests/unit/dtos/shared_project_user_dto_contracts.spec.ts)
  ✔ shared and project DTOs keep bounded metadata, defaults, and invalid-input rejection stable (6.559873ms)
  ✔ user admin and self-service DTOs accept valid payloads while rejecting malformed identifiers and roles (1.17218ms)

unit / Task DTO contracts (tests/unit/dtos/task_dto_contracts.spec.ts)
  ✔ CreateTaskDTO normalizes canonical creation payloads and exposes task helpers (2.573174ms)
  ✔ CreateTaskDTO rejects invalid workflow metadata and required skill shapes (0.855912ms)
  ✔ UpdateTaskDTO and GetTasksListDTO preserve canonical partial-update and filter contracts (2.983261ms)

unit / Exception contracts (tests/unit/exceptions/exceptions.spec.ts)
  ✔ constructors and not-found factories expose canonical HTTP status contracts (1.032066ms)
  ✔ validation and denial factories preserve actionable context for callers (0.541718ms)
  ✔ conflict, unauthorized, and rate-limit factories preserve recovery semantics (0.369101ms)

unit / Review formulas (tests/unit/formulas/review_formulas.spec.ts)
  ✔ trust, credibility, raw score, and tier math preserve canonical weighting contracts (0.34653ms)
  ✔ session status precedence completes before any pending-to-in-progress transition (0.163437ms)
  ✔ skill weighting, confidence, and composed scores reward stronger and better-supported signals (0.398203ms)

unit / Audit log helpers (tests/unit/libs/audit_log_helpers.spec.ts)
  ✔ selection and description helpers keep audit payloads focused and readable (0.465914ms)
  ✔ formatAuditChanges captures additions, removals, nested updates, and stable exclusions (0.381602ms)
  ✔ maskSensitiveFields redacts only the fields that should never leak (0.178609ms)

unit / Date utils (tests/unit/libs/date_utils.spec.ts)
  ✔ formatting and parsing accept supported date inputs while rejecting invalid ones (5.858035ms)
  ✔ calendar boundary helpers and relative predicates preserve expected temporal edges (1.910757ms)
  ✔ dateDiff and duration formatting keep absolute deltas readable (2.536765ms)

unit / Error utils (tests/unit/libs/error_utils.spec.ts)
  ✔ AppError preserves canonical metadata and factory helper contracts (2.447067ms)
  ✔ guards and extractors normalize thrown values without over-classifying them (0.523692ms)
  ✔ withErrorHandling and serializeError preserve safe success and failure surfaces (2.454543ms)

unit / ID utils (tests/unit/libs/id_utils.spec.ts)
  ✔ UUID helpers accept canonical v4 and v7 identifiers across parse and validate flows (0.568454ms)
  ✔ malformed or missing identifiers are rejected consistently across parse and validate helpers (0.716018ms)
  ✔ identity helpers preserve string serialization and equality semantics (0.182518ms)

unit / String utils (tests/unit/libs/string_utils.spec.ts)
  ✔ slug generation, normalization, and display transforms preserve canonical word shape (0.543605ms)
  ✔ html, masking, and validation helpers preserve safety and privacy boundaries (0.458237ms)
  ✔ random and locale-format helpers respect requested output surfaces (0.745096ms)

unit / TypeScript utils (tests/unit/libs/typescript_utils.spec.ts)
  ✔ runtime exhaustiveness, structural helpers, and guards keep object handling predictable (0.958937ms)
  ✔ deepClone and deepMerge preserve nested isolation while merging recursively (0.338435ms)
  ✔ retry succeeds for transient failures and stops at the configured denial boundary (7.498274ms)

unit / UUID v7 utils (tests/unit/libs/uuid_v7.spec.ts)
  ✔ single and batched generation preserve RFC 9562 shape, uniqueness, and sort order (0.781606ms)
  ✔ timestamp extraction and comparison keep chronological semantics while rejecting non-v7 input (0.447819ms)
  ✔ SQL helper preserves the expected migration surface for database-side generation (0.203232ms)

unit / Permission contracts (tests/unit/permissions/permissions_contract.spec.ts)
  ✔ permission maps and role levels cover every builtin role while least-privilege stays intentionally narrow (0.956508ms)
  ✔ system and organization helpers preserve privilege hierarchy and denial semantics (0.308909ms)
  ✔ project helpers preserve owner > manager > member > viewer semantics (0.221627ms)

unit / enforcePolicy (tests/unit/rules/enforce_policy.spec.ts)
  ✔ allowed results are a no-op (0.221326ms)
  ✔ FORBIDDEN results become ForbiddenException with the original reason (0.209807ms)
  ✔ BUSINESS_RULE and INVALID_STATE both become BusinessLogicException (0.288233ms)

unit / Organization permission policy (tests/unit/rules/org_permission_policy.spec.ts)
  ✔ ownership transfer only allows the current owner to hand off to approved admins or owners (0.289073ms)
  ✔ member mutations and role changes preserve admin boundaries and owner protections (0.296606ms)
  ✔ organization deletion and join-request workflows enforce prerequisites and fresh-applicant eligibility (0.428653ms)

unit / PolicyResult (tests/unit/rules/policy_result.spec.ts)
  ✔ allow returns a fresh allow-only result object (0.285642ms)
  ✔ deny preserves reason, defaults FORBIDDEN, and accepts explicit deny codes (0.172487ms)

unit / Project permission policy (tests/unit/rules/project_permission_policy.spec.ts)
  ✔ project creation, edit, view, and field update permissions preserve the core hierarchy (0.458791ms)
  ✔ destructive and membership mutations enforce authority, org membership, and protected targets (0.361689ms)
  ✔ ownership transfer and calculated permission snapshots separate owner, admin, and unrelated users (0.295705ms)

unit / Project state rules (tests/unit/rules/project_state_rules.spec.ts)
  ✔ date validation allows ordered ranges and rejects reversed timelines as BUSINESS_RULE (0.307724ms)
  ✔ status validation and deletion gates preserve canonical lifecycle boundaries (0.309514ms)
  ✔ member removal protects owner and creator identities but allows regular members (0.16086ms)

unit / Review policy (tests/unit/rules/review_policy.spec.ts)
  ✔ review sessions only open for completed assignments and completion check wins over duplicate state (0.242349ms)
  ✔ completed or disputed sessions stay confirmable for the reviewee until they act once (0.219765ms)
  ✔ confirmation rejects wrong actors and duplicate reviewee actions (0.293622ms)

unit / Task assignment rules (tests/unit/rules/task_assignment_rules.spec.ts)
  ✔ canApplyForTask allows open marketplace tasks and rejects self-application, closed windows, and duplicates (0.337671ms)
  ✔ assignee validation and assignment revocation preserve marketplace boundaries and active-only rollback (0.281492ms)
  ✔ batch status updates and task creation field validation reject structurally invalid workflow input (0.304735ms)
  ✔ canProcessApplication only allows the task creator and blocks approving already assigned tasks (0.190692ms)

unit / Task permission policy (tests/unit/rules/task_permission_policy.spec.ts)
  ✔ edit-like permissions share privileged paths while unrelated actors stay denied (0.609658ms)
  ✔ assignment and revoke access require stronger authority than active-assignee-only access (0.348806ms)
  ✔ destructive boundaries stay stricter than creation scope and require explicit authority (0.375349ms)
  ✔ field update restrictions and permission snapshots distinguish privileged, scoped, and unrelated actors (0.657656ms)
  ✔ collection read scope and task reordering stay aligned with org membership boundaries (0.4664ms)

unit / Task state machine (tests/unit/rules/task_state_machine.spec.ts)
  ✔ legacy workflow keeps same-status updates as no-ops and only done or cancelled terminal (0.370403ms)
  ✔ illegal jumps and unknown statuses surface INVALID_STATE with next-step hints (0.245422ms)
  ✔ cancelled tasks can reopen to todo while done stays locked down (0.130285ms)

unit / User management rules (tests/unit/rules/user_management_rules.spec.ts)
  ✔ approval and role validation only allow declared admin workflows (0.289608ms)
  ✔ role changes allow superadmin handoffs but reject authority, self-update, and invalid role violations (0.247496ms)
  ✔ user deactivation requires superadmin authority and forbids self-deactivation (0.165687ms)
  ✔ system admin access helpers centralize middleware-level authorization decisions (0.284445ms)

unit / SingleFlightService (tests/unit/services/single_flight_service.spec.ts)
  ✔ executes the callback only once for concurrent requests sharing a key (10.788017ms)
  ✔ keeps different keys isolated while accurately reporting in-flight state (51.467957ms)
  ✔ shares a single failure for concurrent callers and clears the key afterward (0.421047ms)

 PASSED 

Tests   : 80 passed (80)
Time    : 147ms

> kidmanager-cms@0.0.0 test:match
> node --import=@poppinss/ts-exec bin/test.ts match

[03:58:26.453] INFO (suar/55600): Connected to MongoDB

match / Match | High-signal contracts (tests/match/high_signal_contracts.spec.ts)
  ✔ task list filter keeps canonical task_status_id with legacy alias support (1.80201ms)
  ✔ controllers stay adapter-only, domain stays pure, and organization billing stays removed (9.007952ms)

 PASSED 

Tests   : 2 passed (2)
Time    : 13ms
